Flow report for FPGA
Thu May 21 22:13:54 2026
Quartus Prime Version 23.1std.1 Build 993 05/14/2024 SC Lite Edition


---------------------
; Table of Contents ;
---------------------
  1. Legal Notice
  2. Flow Summary
  3. Flow Settings
  4. Flow Non-Default Global Settings
  5. Flow Elapsed Time
  6. Flow OS Summary
  7. Flow Log
  8. Flow Messages
  9. Flow Suppressed Messages



----------------
; Legal Notice ;
----------------
Copyright (C) 2024  Intel Corporation. All rights reserved.
Your use of Intel Corporation's design tools, logic functions 
and other software and tools, and any partner logic 
functions, and any output files from any of the foregoing 
(including device programming or simulation files), and any 
associated documentation or information are expressly subject 
to the terms and conditions of the Intel Program License 
Subscription Agreement, the Intel Quartus Prime License Agreement,
the Intel FPGA IP License Agreement, or other applicable license
agreement, including, without limitation, that your use is for
the sole purpose of programming logic devices manufactured by
Intel and sold by Intel or its authorized distributors.  Please
refer to the applicable agreement for further details, at
https://fpgasoftware.intel.com/eula.



+-------------------------------------------------------------------------------------+
; Flow Summary                                                                        ;
+------------------------------------+------------------------------------------------+
; Flow Status                        ; Successful - Thu May 21 22:13:54 2026          ;
; Quartus Prime Version              ; 23.1std.1 Build 993 05/14/2024 SC Lite Edition ;
; Revision Name                      ; FPGA                                           ;
; Top-level Entity Name              ; top_module                                     ;
; Family                             ; MAX 10                                         ;
; Device                             ; 10M50DAF484C7G                                 ;
; Timing Models                      ; Final                                          ;
; Total logic elements               ; 802 / 49,760 ( 2 % )                           ;
;     Total combinational functions  ; 798 / 49,760 ( 2 % )                           ;
;     Dedicated logic registers      ; 145 / 49,760 ( < 1 % )                         ;
; Total registers                    ; 145                                            ;
; Total pins                         ; 57 / 360 ( 16 % )                              ;
; Total virtual pins                 ; 0                                              ;
; Total memory bits                  ; 0 / 1,677,312 ( 0 % )                          ;
; Embedded Multiplier 9-bit elements ; 0 / 288 ( 0 % )                                ;
; Total PLLs                         ; 0 / 4 ( 0 % )                                  ;
; UFM blocks                         ; 0 / 1 ( 0 % )                                  ;
; ADC blocks                         ; 0 / 2 ( 0 % )                                  ;
+------------------------------------+------------------------------------------------+


+-----------------------------------------+
; Flow Settings                           ;
+-------------------+---------------------+
; Option            ; Setting             ;
+-------------------+---------------------+
; Start date & time ; 05/21/2026 22:13:31 ;
; Main task         ; Compilation         ;
; Revision Name     ; FPGA                ;
+-------------------+---------------------+


+-----------------------------------------------------------------------------------------------------------------------+
; Flow Non-Default Global Settings                                                                                      ;
+--------------------------------------------+-------------------------------+---------------+-------------+------------+
; Assignment Name                            ; Value                         ; Default Value ; Entity Name ; Section Id ;
+--------------------------------------------+-------------------------------+---------------+-------------+------------+
; COMPILER_SIGNATURE_ID                      ; 5416810553397.177937281106356 ; --            ; --          ; --         ;
; FITTER_EFFORT                              ; Standard Fit                  ; Auto Fit      ; --          ; --         ;
; OPTIMIZE_IOC_REGISTER_PLACEMENT_FOR_TIMING ; Off                           ; Normal        ; --          ; --         ;
; QII_AUTO_PACKED_REGISTERS                  ; Normal                        ; Auto          ; --          ; --         ;
; SEED                                       ; 777                           ; 1             ; --          ; --         ;
; TOP_LEVEL_ENTITY                           ; top_module                    ; FPGA          ; --          ; --         ;
; VHDL_INPUT_VERSION                         ; VHDL_2008                     ; VHDL_1993     ; --          ; --         ;
+--------------------------------------------+-------------------------------+---------------+-------------+------------+


+--------------------------------------------------------------------------------------------------------------------------+
; Flow Elapsed Time                                                                                                        ;
+----------------------+--------------+-------------------------+---------------------+------------------------------------+
; Module Name          ; Elapsed Time ; Average Processors Used ; Peak Virtual Memory ; Total CPU Time (on all processors) ;
+----------------------+--------------+-------------------------+---------------------+------------------------------------+
; Analysis & Synthesis ; 00:00:07     ; 1.0                     ; 493 MB              ; 00:00:17                           ;
; Fitter               ; 00:00:12     ; 1.4                     ; 1684 MB             ; 00:00:30                           ;
; Assembler            ; 00:00:02     ; 1.0                     ; 366 MB              ; 00:00:02                           ;
; Total                ; 00:00:21     ; --                      ; --                  ; 00:00:49                           ;
+----------------------+--------------+-------------------------+---------------------+------------------------------------+


+------------------------------------------------------------------------------------------+
; Flow OS Summary                                                                          ;
+----------------------+------------------+------------------+------------+----------------+
; Module Name          ; Machine Hostname ; OS Name          ; OS Version ; Processor type ;
+----------------------+------------------+------------------+------------+----------------+
; Analysis & Synthesis ; debian           ; Debian GNU/Linux ; 12         ; x86_64         ;
; Fitter               ; debian           ; Debian GNU/Linux ; 12         ; x86_64         ;
; Assembler            ; debian           ; Debian GNU/Linux ; 12         ; x86_64         ;
+----------------------+------------------+------------------+------------+----------------+


------------
; Flow Log ;
------------
quartus_map ./generated/FPGA --parallel=12 --64bit --effort=auto --family="MAX 10" --incremental_compilation=full_incremental_compilation --optimize=balanced --part=10M50DAF484C7G --state_machine_encoding=auto
quartus_fit ./generated/FPGA --64bit --part=10M50DAF484C7G --parallel=12 --effort=standard --seed=777 --optimize_io_register_for_timing=off --pack_register=normal
quartus_asm ./generated/FPGA --64bit



